// Jest Snapshot v1, https://goo.gl/fbAQLP

exports[`react-passage redirects to a matched react route 1`] = `
<p>
  Redirected!
</p>
`;

exports[`react-passage renders a Link tag when a route is matched 1`] = `
<div>
  <a
    data-safelink-type="link"
    href="/get-started/plan/shave"
    onClick={[Function]}
  >
    Shave Core
  </a>
  <a
    data-safelink-type="link"
    href="/users/6"
    onClick={[Function]}
  >
    User 6
  </a>
</div>
`;

exports[`react-passage renders an anchor tag when a route is unmatched 1`] = `
<a
  data-safelink-type="a"
  href="/blades"
>
  Blades
</a>
`;

exports[`react-passage renders an anchor tag without context 1`] = `
<a
  data-safelink-type="a"
  href="/blades"
>
  Blades
</a>
`;
